---
source: crates/ruff/tests/analyze_api.rs
info:
  program: ruff
  args:
    - analyze
    - api
    - /tmp/.tmpX9gSuJ/mypackage/models.py
---
success: true
exit_code: 0
----- stdout -----
No public API symbols found with external usage.

----- stderr -----
[TIMESTAMP][ruff::commands::analyze_api][INFO] Analyzing API for: [TEMPDIR]/mypackage/models.py
[TIMESTAMP][ruff::commands::analyze_api][INFO] Using parallel processing for file analysis
[TIMESTAMP][ruff::commands::analyze_api][INFO] Using parallel processing for file analysis
[TIMESTAMP][ruff::commands::analyze_api][INFO] Auto-detected project root: [TEMPDIR]/mypackage
